// Jest Snapshot v1, https://goo.gl/fbAQLP

exports[`SolutionPanel renders the solution panel for the given solution 1`] = `
<EuiFlexItem
  className="homSolutions__item"
  data-test-subj="homSolutionPanel homSolutionPanel_kibana"
>
  <EuiCard
    className="homSolutionPanel homSolutionPanel--kibana"
    description="Explore and analyze your data"
    href="kibana_landing_page"
    icon={
      <EuiToken
        className="homSolutionPanel__icon"
        iconType="logoKibana"
        shape="circle"
        size="l"
      />
    }
    image="/plugins/kibanaReact/assets/solutions_kibana_2x.png"
    onClick={[Function]}
    title="Kibana"
    titleElement="h3"
  />
</EuiFlexItem>
`;
