// Jest Snapshot v1, https://goo.gl/fbAQLP

exports[`AddData render 1`] = `
<section
  aria-labelledby="kbnOverviewDataAdd__title"
  className="kbnOverviewDataAdd"
>
  <EuiFlexGroup
    alignItems="center"
  >
    <EuiFlexItem
      grow={1}
    >
      <EuiTitle
        size="s"
      >
        <h2
          id="kbnOverviewDataAdd__title"
        >
          <FormattedMessage
            defaultMessage="Ingest your data"
            id="kibana_overview.addData.sectionTitle"
            values={Object {}}
          />
        </h2>
      </EuiTitle>
    </EuiFlexItem>
    <EuiFlexItem
      className="kbnOverviewDataAdd__actions"
      grow={false}
    >
      <EuiButtonEmpty
        href="#/tutorial_directory/sampleData"
        iconType="visTable"
        size="xs"
      >
        <FormattedMessage
          defaultMessage="Try our sample data"
          id="kibana_overview.addData.sampleDataButtonLabel"
          values={Object {}}
        />
      </EuiButtonEmpty>
    </EuiFlexItem>
  </EuiFlexGroup>
  <EuiSpacer
    size="m"
  />
  <EuiFlexGroup
    className="kbnOverviewDataAdd__content"
  >
    <EuiFlexItem
      key="home_tutorial_directory"
    >
      <Synopsis
        description="Ingest data from popular apps and services."
        iconType="indexOpen"
        id="home_tutorial_directory"
        isBeta={false}
        onClick={[Function]}
        title="Ingest data"
        url="/app/home#/tutorial_directory"
        wrapInPanel={true}
      />
    </EuiFlexItem>
    <EuiFlexItem
      key="ingestManager"
    >
      <Synopsis
        description="Add and manage your fleet of Elastic Agents and integrations."
        iconType="indexManagementApp"
        id="ingestManager"
        isBeta={false}
        onClick={[Function]}
        title="Add Elastic Agent"
        url="/app/ingestManager"
        wrapInPanel={true}
      />
    </EuiFlexItem>
    <EuiFlexItem
      key="ml_file_data_visualizer"
    >
      <Synopsis
        description="Import your own CSV, NDJSON, or log file"
        iconType="document"
        id="ml_file_data_visualizer"
        isBeta={false}
        onClick={[Function]}
        title="Upload a file"
        url="/app/ml#/filedatavisualizer"
        wrapInPanel={true}
      />
    </EuiFlexItem>
  </EuiFlexGroup>
</section>
`;
